{"success":true,"name":"Wahab Qureshi","address":{"0":"first","jug":"15","1":"third"}}