{"success":true,"msg":"Record created","id":"887987fa89s7df87as9d7f87asdf798asdf"}