{"success":false,"error":"Something went wrongsssss"}