a:4:{s:17:"200-user-response";s:26:"{"success":true,"id":2233}";s:22:"500-exception-response";s:53:"{"success":false,"error":"Something went wrongsssss"}";s:15:"201-get-request";s:82:"{"success":true,"msg":"Record created","id":"887987fa89s7df87as9d7f87asdf798asdf"}";s:32:"200-post-request-to-create-user.";s:26:"{"success":true,"id":2233}";}